// Jest Snapshot v1, https://goo.gl/fbAQLP

exports[`ProfileInfo test group ProfileInfo snapshot 1`] = `
Object {
  "asFragment": [Function],
  "baseElement": <body>
    <div>
      <div
        class="border border-slate-300 grow flex flex-col rounded-lg p-2 bg-slate-100"
      >
        <p
          class="text-xl"
        >
          Sereja Shcherbinin
        </p>
        <div>
          my status
        </div>
        <button
          class=" border border-slate-300 px-2 py-1 rounded-md bg-slate-100 hover:bg-slate-200"
        >
          Show details
        </button>
      </div>
    </div>
  </body>,
  "container": <div>
    <div
      class="border border-slate-300 grow flex flex-col rounded-lg p-2 bg-slate-100"
    >
      <p
        class="text-xl"
      >
        Sereja Shcherbinin
      </p>
      <div>
        my status
      </div>
      <button
        class=" border border-slate-300 px-2 py-1 rounded-md bg-slate-100 hover:bg-slate-200"
      >
        Show details
      </button>
    </div>
  </div>,
  "debug": [Function],
  "findAllByAltText": [Function],
  "findAllByDisplayValue": [Function],
  "findAllByLabelText": [Function],
  "findAllByPlaceholderText": [Function],
  "findAllByRole": [Function],
  "findAllByTestId": [Function],
  "findAllByText": [Function],
  "findAllByTitle": [Function],
  "findByAltText": [Function],
  "findByDisplayValue": [Function],
  "findByLabelText": [Function],
  "findByPlaceholderText": [Function],
  "findByRole": [Function],
  "findByTestId": [Function],
  "findByText": [Function],
  "findByTitle": [Function],
  "getAllByAltText": [Function],
  "getAllByDisplayValue": [Function],
  "getAllByLabelText": [Function],
  "getAllByPlaceholderText": [Function],
  "getAllByRole": [Function],
  "getAllByTestId": [Function],
  "getAllByText": [Function],
  "getAllByTitle": [Function],
  "getByAltText": [Function],
  "getByDisplayValue": [Function],
  "getByLabelText": [Function],
  "getByPlaceholderText": [Function],
  "getByRole": [Function],
  "getByTestId": [Function],
  "getByText": [Function],
  "getByTitle": [Function],
  "queryAllByAltText": [Function],
  "queryAllByDisplayValue": [Function],
  "queryAllByLabelText": [Function],
  "queryAllByPlaceholderText": [Function],
  "queryAllByRole": [Function],
  "queryAllByTestId": [Function],
  "queryAllByText": [Function],
  "queryAllByTitle": [Function],
  "queryByAltText": [Function],
  "queryByDisplayValue": [Function],
  "queryByLabelText": [Function],
  "queryByPlaceholderText": [Function],
  "queryByRole": [Function],
  "queryByTestId": [Function],
  "queryByText": [Function],
  "queryByTitle": [Function],
  "rerender": [Function],
  "unmount": [Function],
}
`;
