// Jest Snapshot v1, https://goo.gl/fbAQLP

exports[`Message test group snapshot Message 1`] = `
Object {
  "asFragment": [Function],
  "baseElement": <body>
    <div>
      <li
        class="flex gap-5"
      >
        <a
          href="/profile/19481"
        >
          <img
            alt="avatar"
            class="w-12 h-12 rounded-full "
            src="https://social-network.samuraijs.com/activecontent/images/users/19481/user-small.jpg?v=7"
          />
        </a>
        <div>
          <a
            href="/profile/19481"
          >
            <p>
              dmitriy199427
            </p>
          </a>
          <span>
            test message
          </span>
        </div>
      </li>
    </div>
  </body>,
  "container": <div>
    <li
      class="flex gap-5"
    >
      <a
        href="/profile/19481"
      >
        <img
          alt="avatar"
          class="w-12 h-12 rounded-full "
          src="https://social-network.samuraijs.com/activecontent/images/users/19481/user-small.jpg?v=7"
        />
      </a>
      <div>
        <a
          href="/profile/19481"
        >
          <p>
            dmitriy199427
          </p>
        </a>
        <span>
          test message
        </span>
      </div>
    </li>
  </div>,
  "debug": [Function],
  "findAllByAltText": [Function],
  "findAllByDisplayValue": [Function],
  "findAllByLabelText": [Function],
  "findAllByPlaceholderText": [Function],
  "findAllByRole": [Function],
  "findAllByTestId": [Function],
  "findAllByText": [Function],
  "findAllByTitle": [Function],
  "findByAltText": [Function],
  "findByDisplayValue": [Function],
  "findByLabelText": [Function],
  "findByPlaceholderText": [Function],
  "findByRole": [Function],
  "findByTestId": [Function],
  "findByText": [Function],
  "findByTitle": [Function],
  "getAllByAltText": [Function],
  "getAllByDisplayValue": [Function],
  "getAllByLabelText": [Function],
  "getAllByPlaceholderText": [Function],
  "getAllByRole": [Function],
  "getAllByTestId": [Function],
  "getAllByText": [Function],
  "getAllByTitle": [Function],
  "getByAltText": [Function],
  "getByDisplayValue": [Function],
  "getByLabelText": [Function],
  "getByPlaceholderText": [Function],
  "getByRole": [Function],
  "getByTestId": [Function],
  "getByText": [Function],
  "getByTitle": [Function],
  "queryAllByAltText": [Function],
  "queryAllByDisplayValue": [Function],
  "queryAllByLabelText": [Function],
  "queryAllByPlaceholderText": [Function],
  "queryAllByRole": [Function],
  "queryAllByTestId": [Function],
  "queryAllByText": [Function],
  "queryAllByTitle": [Function],
  "queryByAltText": [Function],
  "queryByDisplayValue": [Function],
  "queryByLabelText": [Function],
  "queryByPlaceholderText": [Function],
  "queryByRole": [Function],
  "queryByTestId": [Function],
  "queryByText": [Function],
  "queryByTitle": [Function],
  "rerender": [Function],
  "unmount": [Function],
}
`;
