// Jest Snapshot v1, https://goo.gl/fbAQLP

exports[`SideBar test group SideBar snapshot 1`] = `
Object {
  "asFragment": [Function],
  "baseElement": <body>
    <div>
      <aside>
        <ul
          class="flex flex-col w-36 gap-0.5 cursor-pointer"
        >
          <li>
            <a
              href="/profile"
            >
              <div
                class="px-2 rounded-md hover:bg-slate-100 "
              >
                My profile
              </div>
            </a>
          </li>
          <li>
            <a
              href="/message"
            >
              <div
                class="px-2 rounded-md hover:bg-slate-100"
              >
                Messages
              </div>
            </a>
          </li>
          <li>
            <a
              href="/users"
            >
              <div
                class="px-2 rounded-md hover:bg-slate-100"
              >
                Users
              </div>
            </a>
          </li>
        </ul>
      </aside>
    </div>
  </body>,
  "container": <div>
    <aside>
      <ul
        class="flex flex-col w-36 gap-0.5 cursor-pointer"
      >
        <li>
          <a
            href="/profile"
          >
            <div
              class="px-2 rounded-md hover:bg-slate-100 "
            >
              My profile
            </div>
          </a>
        </li>
        <li>
          <a
            href="/message"
          >
            <div
              class="px-2 rounded-md hover:bg-slate-100"
            >
              Messages
            </div>
          </a>
        </li>
        <li>
          <a
            href="/users"
          >
            <div
              class="px-2 rounded-md hover:bg-slate-100"
            >
              Users
            </div>
          </a>
        </li>
      </ul>
    </aside>
  </div>,
  "debug": [Function],
  "findAllByAltText": [Function],
  "findAllByDisplayValue": [Function],
  "findAllByLabelText": [Function],
  "findAllByPlaceholderText": [Function],
  "findAllByRole": [Function],
  "findAllByTestId": [Function],
  "findAllByText": [Function],
  "findAllByTitle": [Function],
  "findByAltText": [Function],
  "findByDisplayValue": [Function],
  "findByLabelText": [Function],
  "findByPlaceholderText": [Function],
  "findByRole": [Function],
  "findByTestId": [Function],
  "findByText": [Function],
  "findByTitle": [Function],
  "getAllByAltText": [Function],
  "getAllByDisplayValue": [Function],
  "getAllByLabelText": [Function],
  "getAllByPlaceholderText": [Function],
  "getAllByRole": [Function],
  "getAllByTestId": [Function],
  "getAllByText": [Function],
  "getAllByTitle": [Function],
  "getByAltText": [Function],
  "getByDisplayValue": [Function],
  "getByLabelText": [Function],
  "getByPlaceholderText": [Function],
  "getByRole": [Function],
  "getByTestId": [Function],
  "getByText": [Function],
  "getByTitle": [Function],
  "queryAllByAltText": [Function],
  "queryAllByDisplayValue": [Function],
  "queryAllByLabelText": [Function],
  "queryAllByPlaceholderText": [Function],
  "queryAllByRole": [Function],
  "queryAllByTestId": [Function],
  "queryAllByText": [Function],
  "queryAllByTitle": [Function],
  "queryByAltText": [Function],
  "queryByDisplayValue": [Function],
  "queryByLabelText": [Function],
  "queryByPlaceholderText": [Function],
  "queryByRole": [Function],
  "queryByTestId": [Function],
  "queryByText": [Function],
  "queryByTitle": [Function],
  "rerender": [Function],
  "unmount": [Function],
}
`;
